<!DOCTYPE html><html lang="en-US"><head><meta charset="utf-8"><title>grunt-min</title><style>body{font-weight:bold;}</style></head><body><h1>grunt-min</h1><p>grunt-min is a grunt plugin for compressiong javascript, css, image & html</p></body></html>